2026-03-19 22:49:08,844 [INFO] === Starting experiment at 2026-03-19 22:49:08.844357 ===
2026-03-19 22:49:08,844 [INFO] Version: 1.0.0
2026-03-19 22:49:08,844 [INFO] Seed: 42
2026-03-19 22:49:08,844 [INFO] Expected total models per dataset: 151
2026-03-19 22:49:08,845 [INFO] Found 2 train files
2026-03-19 22:49:08,845 [INFO] Config: workers=2, lgb_jobs=13
2026-03-19 22:49:08,886 [INFO] [AM-I-filtered_with_labels_k4_20260319_224908_42] Starting processing
2026-03-19 22:49:08,887 [INFO] [AM-II-filtered_with_labels_k4_20260319_224908_42] Starting processing
2026-03-19 22:49:09,642 [INFO] [AM-II-filtered_with_labels_k4_20260319_224908_42] Data shape: train=(1650, 1852), test=(186, 1852), data_hash=81487fbb64a7f3d7
2026-03-19 22:49:09,965 [INFO] [AM-II-filtered_with_labels_k4_20260319_224908_42] Starting Optuna optimization
2026-03-19 22:49:11,190 [INFO] [AM-I-filtered_with_labels_k4_20260319_224908_42] Data shape: train=(6018, 1852), test=(670, 1852), data_hash=2f3ad8e64994c9d5
2026-03-19 22:49:12,306 [INFO] [AM-I-filtered_with_labels_k4_20260319_224908_42] Starting Optuna optimization
2026-03-19 22:49:30,050 [INFO] [AM-II-filtered_with_labels_k4] Trial 0: Average R²=0.7830 from 5 folds
2026-03-19 22:49:55,601 [INFO] [AM-I-filtered_with_labels_k4] Trial 0: Average R²=0.8571 from 5 folds
2026-03-19 22:50:19,419 [INFO] [AM-II-filtered_with_labels_k4] Trial 1: Average R²=0.5492 from 5 folds
2026-03-19 22:50:46,940 [INFO] [AM-II-filtered_with_labels_k4] Trial 2: Average R²=0.7750 from 5 folds
2026-03-19 22:51:38,277 [INFO] [AM-II-filtered_with_labels_k4] Trial 3: Average R²=0.7121 from 5 folds
2026-03-19 22:51:43,444 [INFO] [AM-I-filtered_with_labels_k4] Trial 1: Average R²=0.5112 from 5 folds
2026-03-19 22:51:52,717 [INFO] [AM-II-filtered_with_labels_k4] Trial 4: Average R²=0.8101 from 5 folds
2026-03-19 22:52:04,040 [INFO] [AM-II-filtered_with_labels_k4] Trial 5: Average R²=0.2007 from 5 folds
2026-03-19 22:52:17,429 [INFO] [AM-II-filtered_with_labels_k4] Trial 6: Average R²=0.7761 from 5 folds
2026-03-19 22:52:28,638 [INFO] [AM-II-filtered_with_labels_k4] Trial 7: Average R²=0.1845 from 5 folds
2026-03-19 22:52:44,055 [INFO] [AM-I-filtered_with_labels_k4] Trial 2: Average R²=0.7956 from 5 folds
2026-03-19 22:53:01,452 [INFO] [AM-II-filtered_with_labels_k4] Trial 8: Average R²=0.5150 from 5 folds
2026-03-19 22:53:11,081 [INFO] [AM-II-filtered_with_labels_k4] Trial 9: Average R²=0.8204 from 5 folds
2026-03-19 22:53:39,409 [INFO] [AM-II-filtered_with_labels_k4] Trial 10: Average R²=0.8326 from 5 folds
2026-03-19 22:54:02,548 [INFO] [AM-I-filtered_with_labels_k4] Trial 3: Average R²=0.6891 from 5 folds
2026-03-19 22:54:02,613 [INFO] [AM-II-filtered_with_labels_k4] Trial 11: Average R²=0.8322 from 5 folds
2026-03-19 22:54:17,493 [INFO] [AM-II-filtered_with_labels_k4] Trial 12: Average R²=0.8149 from 5 folds
2026-03-19 22:54:18,902 [INFO] [AM-I-filtered_with_labels_k4] Trial 4: Average R²=0.8651 from 5 folds
2026-03-19 22:54:36,150 [INFO] [AM-II-filtered_with_labels_k4] Trial 13: Average R²=0.7946 from 5 folds
2026-03-19 22:54:36,169 [INFO] [AM-I-filtered_with_labels_k4] Trial 5: Average R²=0.2277 from 5 folds
2026-03-19 22:54:57,527 [INFO] [AM-II-filtered_with_labels_k4] Trial 14: Average R²=0.8006 from 5 folds
2026-03-19 22:55:01,742 [INFO] [AM-I-filtered_with_labels_k4] Trial 6: Average R²=0.8493 from 5 folds
2026-03-19 22:55:25,003 [INFO] [AM-I-filtered_with_labels_k4] Trial 7: Average R²=0.1895 from 5 folds
2026-03-19 22:55:28,760 [INFO] [AM-II-filtered_with_labels_k4] Trial 15: Average R²=0.7835 from 5 folds
2026-03-19 22:55:40,794 [INFO] [AM-II-filtered_with_labels_k4] Trial 16: Average R²=0.7972 from 5 folds
2026-03-19 22:56:23,674 [INFO] [AM-I-filtered_with_labels_k4] Trial 8: Average R²=0.5075 from 5 folds
2026-03-19 22:56:27,253 [INFO] [AM-II-filtered_with_labels_k4] Trial 17: Average R²=0.8493 from 5 folds
2026-03-19 22:56:54,469 [INFO] [AM-I-filtered_with_labels_k4] Trial 9: Average R²=0.8258 from 5 folds
2026-03-19 22:56:55,673 [INFO] [AM-II-filtered_with_labels_k4] Trial 18: Average R²=0.7345 from 5 folds
2026-03-19 22:57:16,290 [INFO] [AM-II-filtered_with_labels_k4] Trial 19: Average R²=0.8536 from 5 folds
2026-03-19 22:57:21,201 [INFO] [AM-I-filtered_with_labels_k4] Trial 10: Average R²=0.8574 from 5 folds
2026-03-19 22:57:38,677 [INFO] [AM-II-filtered_with_labels_k4] Trial 20: Average R²=0.8393 from 5 folds
2026-03-19 22:57:46,852 [INFO] [AM-I-filtered_with_labels_k4] Trial 11: Average R²=0.8570 from 5 folds
2026-03-19 22:58:13,022 [INFO] [AM-II-filtered_with_labels_k4] Trial 21: Average R²=0.8378 from 5 folds
2026-03-19 22:58:33,832 [INFO] [AM-II-filtered_with_labels_k4] Trial 22: Average R²=0.8515 from 5 folds
2026-03-19 22:58:37,415 [INFO] [AM-I-filtered_with_labels_k4] Trial 12: Average R²=0.8712 from 5 folds
2026-03-19 22:59:03,349 [INFO] [AM-II-filtered_with_labels_k4] Trial 23: Average R²=0.8538 from 5 folds
2026-03-19 22:59:19,281 [INFO] [AM-I-filtered_with_labels_k4] Trial 13: Average R²=0.8607 from 5 folds
2026-03-19 22:59:27,910 [INFO] [AM-II-filtered_with_labels_k4] Trial 24: Average R²=0.8503 from 5 folds
2026-03-19 22:59:48,712 [INFO] [AM-II-filtered_with_labels_k4] Trial 25: Average R²=0.8510 from 5 folds
2026-03-19 23:00:17,945 [INFO] [AM-II-filtered_with_labels_k4] Trial 26: Average R²=0.8306 from 5 folds
2026-03-19 23:00:31,777 [INFO] [AM-I-filtered_with_labels_k4] Trial 14: Average R²=0.8450 from 5 folds
2026-03-19 23:00:32,585 [INFO] [AM-II-filtered_with_labels_k4] Trial 27: Average R²=0.8253 from 5 folds
2026-03-19 23:00:45,778 [INFO] [AM-II-filtered_with_labels_k4] Trial 28: Average R²=0.8514 from 5 folds
2026-03-19 23:00:59,355 [INFO] [AM-II-filtered_with_labels_k4] Trial 29: Average R²=0.8318 from 5 folds
2026-03-19 23:00:59,360 [INFO] [AM-II-filtered_with_labels_k4_20260319_224908_42] Optuna optimization completed
2026-03-19 23:00:59,360 [INFO] [AM-II-filtered_with_labels_k4_20260319_224908_42] Models created during optimization: 150
2026-03-19 23:00:59,360 [INFO] [AM-II-filtered_with_labels_k4_20260319_224908_42] Best params: {'n_estimators': 773, 'max_depth': 5, 'learning_rate': 0.12166444975625855, 'subsample': 0.8562465746793128, 'colsample_bytree': 0.8635159097607085, 'lambda_l1': 0.06507117843855675, 'lambda_l2': 0.009274234017518599, 'min_child_samples': 14, 'random_state': 42, 'n_jobs': 13, 'verbosity': -1}
2026-03-19 23:00:59,361 [INFO] [AM-II-filtered_with_labels_k4_20260319_224908_42] Starting final training with best parameters
2026-03-19 23:01:04,664 [INFO] [AM-II-filtered_with_labels_k4_20260319_224908_42] Final model metrics - RMSE=3.5416, R2=0.8532, MAE=2.5076
2026-03-19 23:01:07,210 [INFO] [AM-I-filtered_with_labels_k4] Trial 15: Average R²=0.8703 from 5 folds
2026-03-19 23:01:07,772 [INFO] [AM-II-filtered_with_labels_k4] Plots saved successfully with iPhone style
2026-03-19 23:02:12,000 [INFO] [AM-I-filtered_with_labels_k4] Trial 16: Average R²=0.8475 from 5 folds
2026-03-19 23:02:24,562 [INFO] [AM-II-filtered_with_labels_k4] Learning curve saved successfully
2026-03-19 23:02:24,562 [INFO] [AM-II-filtered_with_labels_k4_20260319_224908_42] Processing completed successfully
2026-03-19 23:02:24,562 [INFO] [AM-II-filtered_with_labels_k4_20260319_224908_42] Total temporary models during optimization: 150
2026-03-19 23:02:37,166 [INFO] [AM-I-filtered_with_labels_k4] Trial 17: Average R²=0.8609 from 5 folds
2026-03-19 23:02:54,140 [INFO] [AM-I-filtered_with_labels_k4] Trial 18: Average R²=0.7684 from 5 folds
2026-03-19 23:03:20,433 [INFO] [AM-I-filtered_with_labels_k4] Trial 19: Average R²=0.8686 from 5 folds
2026-03-19 23:03:53,012 [INFO] [AM-I-filtered_with_labels_k4] Trial 20: Average R²=0.8716 from 5 folds
2026-03-19 23:04:16,158 [INFO] [AM-I-filtered_with_labels_k4] Trial 21: Average R²=0.8703 from 5 folds
2026-03-19 23:04:45,839 [INFO] [AM-I-filtered_with_labels_k4] Trial 22: Average R²=0.8746 from 5 folds
2026-03-19 23:05:16,703 [INFO] [AM-I-filtered_with_labels_k4] Trial 23: Average R²=0.8628 from 5 folds
2026-03-19 23:05:32,499 [INFO] [AM-I-filtered_with_labels_k4] Trial 24: Average R²=0.8691 from 5 folds
2026-03-19 23:05:48,547 [INFO] [AM-I-filtered_with_labels_k4] Trial 25: Average R²=0.8679 from 5 folds
2026-03-19 23:05:56,827 [INFO] [AM-I-filtered_with_labels_k4] Trial 26: Average R²=0.8369 from 5 folds
2026-03-19 23:06:04,657 [INFO] [AM-I-filtered_with_labels_k4] Trial 27: Average R²=0.8699 from 5 folds
2026-03-19 23:06:13,421 [INFO] [AM-I-filtered_with_labels_k4] Trial 28: Average R²=0.7359 from 5 folds
2026-03-19 23:06:27,603 [INFO] [AM-I-filtered_with_labels_k4] Trial 29: Average R²=0.8608 from 5 folds
2026-03-19 23:06:27,608 [INFO] [AM-I-filtered_with_labels_k4_20260319_224908_42] Optuna optimization completed
2026-03-19 23:06:27,608 [INFO] [AM-I-filtered_with_labels_k4_20260319_224908_42] Models created during optimization: 150
2026-03-19 23:06:27,608 [INFO] [AM-I-filtered_with_labels_k4_20260319_224908_42] Best params: {'n_estimators': 971, 'max_depth': 13, 'learning_rate': 0.14838177158441115, 'subsample': 0.6000602108771751, 'colsample_bytree': 0.8738445964974808, 'lambda_l1': 0.006424020374683241, 'lambda_l2': 0.12209534237482253, 'min_child_samples': 75, 'random_state': 42, 'n_jobs': 13, 'verbosity': -1}
2026-03-19 23:06:27,609 [INFO] [AM-I-filtered_with_labels_k4_20260319_224908_42] Starting final training with best parameters
2026-03-19 23:06:30,004 [INFO] [AM-I-filtered_with_labels_k4_20260319_224908_42] Final model metrics - RMSE=4.2138, R2=0.9025, MAE=3.2467
2026-03-19 23:06:34,681 [INFO] [AM-I-filtered_with_labels_k4] Plots saved successfully with iPhone style
2026-03-19 23:07:37,440 [INFO] [AM-I-filtered_with_labels_k4] Learning curve saved successfully
2026-03-19 23:07:37,441 [INFO] [AM-I-filtered_with_labels_k4_20260319_224908_42] Processing completed successfully
2026-03-19 23:07:37,441 [INFO] [AM-I-filtered_with_labels_k4_20260319_224908_42] Total temporary models during optimization: 150
2026-03-19 23:07:37,520 [INFO] Average R2: 0.8778, Average RMSE: 3.8777, Average temp models: 150.0
2026-03-19 23:07:37,521 [INFO] === Experiment completed at 2026-03-19 23:07:37.521111 ===
2026-03-19 23:07:37,521 [INFO] Duration: 0:18:28.676754
2026-03-19 23:07:37,521 [INFO] Final stats: success=2, warn=0, error=0
2026-03-19 23:21:23,606 [INFO] === Starting experiment at 2026-03-19 23:21:23.606361 ===
2026-03-19 23:21:23,606 [INFO] Version: 1.0.0
2026-03-19 23:21:23,606 [INFO] Seed: 42
2026-03-19 23:21:23,606 [INFO] Expected total models per dataset: 151
2026-03-19 23:21:23,607 [INFO] Found 2 train files
2026-03-19 23:21:23,607 [INFO] Config: workers=2, lgb_jobs=13
2026-03-19 23:21:23,650 [INFO] [AM-I-filtered_with_labels_k4_20260319_232123_42] Starting processing
2026-03-19 23:21:23,650 [INFO] [AM-II-filtered_with_labels_k4_20260319_232123_42] Starting processing
2026-03-19 23:21:24,394 [INFO] [AM-II-filtered_with_labels_k4_20260319_232123_42] Data shape: train=(1650, 1852), test=(186, 1852), data_hash=81487fbb64a7f3d7
2026-03-19 23:21:24,680 [INFO] [AM-II-filtered_with_labels_k4_20260319_232123_42] Starting Optuna optimization
2026-03-19 23:21:25,896 [INFO] [AM-I-filtered_with_labels_k4_20260319_232123_42] Data shape: train=(6018, 1852), test=(670, 1852), data_hash=2f3ad8e64994c9d5
2026-03-19 23:21:26,934 [INFO] [AM-I-filtered_with_labels_k4_20260319_232123_42] Starting Optuna optimization
2026-03-19 23:21:43,543 [INFO] [AM-II-filtered_with_labels_k4] Trial 0: Average R²=0.7830 from 5 folds
2026-03-19 23:22:01,942 [INFO] [AM-I-filtered_with_labels_k4] Trial 0: Average R²=0.8571 from 5 folds
2026-03-19 23:22:43,903 [INFO] [AM-II-filtered_with_labels_k4] Trial 1: Average R²=0.5492 from 5 folds
2026-03-19 23:23:03,023 [INFO] [AM-I-filtered_with_labels_k4] Trial 1: Average R²=0.5112 from 5 folds
2026-03-19 23:23:18,361 [INFO] [AM-II-filtered_with_labels_k4] Trial 2: Average R²=0.7750 from 5 folds
2026-03-19 23:23:44,198 [INFO] [AM-I-filtered_with_labels_k4] Trial 2: Average R²=0.7956 from 5 folds
2026-03-19 23:24:30,443 [INFO] [AM-II-filtered_with_labels_k4] Trial 3: Average R²=0.7121 from 5 folds
2026-03-19 23:24:45,897 [INFO] [AM-II-filtered_with_labels_k4] Trial 4: Average R²=0.8101 from 5 folds
2026-03-19 23:24:58,545 [INFO] [AM-I-filtered_with_labels_k4] Trial 3: Average R²=0.6891 from 5 folds
2026-03-19 23:25:04,361 [INFO] [AM-II-filtered_with_labels_k4] Trial 5: Average R²=0.2007 from 5 folds
2026-03-19 23:25:16,160 [INFO] [AM-I-filtered_with_labels_k4] Trial 4: Average R²=0.8651 from 5 folds
2026-03-19 23:25:18,405 [INFO] [AM-II-filtered_with_labels_k4] Trial 6: Average R²=0.7761 from 5 folds
2026-03-19 23:25:27,177 [INFO] [AM-II-filtered_with_labels_k4] Trial 7: Average R²=0.1845 from 5 folds
2026-03-19 23:25:44,455 [INFO] [AM-I-filtered_with_labels_k4] Trial 5: Average R²=0.2277 from 5 folds
2026-03-19 23:26:12,940 [INFO] [AM-II-filtered_with_labels_k4] Trial 8: Average R²=0.5150 from 5 folds
2026-03-19 23:26:15,432 [INFO] [AM-I-filtered_with_labels_k4] Trial 6: Average R²=0.8493 from 5 folds
2026-03-19 23:26:26,053 [INFO] [AM-II-filtered_with_labels_k4] Trial 9: Average R²=0.8204 from 5 folds
2026-03-19 23:26:29,991 [INFO] [AM-I-filtered_with_labels_k4] Trial 7: Average R²=0.1895 from 5 folds
2026-03-19 23:26:48,942 [INFO] [AM-II-filtered_with_labels_k4] Trial 10: Average R²=0.8326 from 5 folds
2026-03-19 23:26:57,107 [INFO] [AM-I-filtered_with_labels_k4] Trial 8: Average R²=0.5075 from 5 folds
2026-03-19 23:27:06,429 [INFO] [AM-II-filtered_with_labels_k4] Trial 11: Average R²=0.8322 from 5 folds
2026-03-19 23:27:09,745 [INFO] [AM-I-filtered_with_labels_k4] Trial 9: Average R²=0.8258 from 5 folds
2026-03-19 23:27:27,054 [INFO] [AM-II-filtered_with_labels_k4] Trial 12: Average R²=0.8149 from 5 folds
2026-03-19 23:27:35,668 [INFO] [AM-I-filtered_with_labels_k4] Trial 10: Average R²=0.8574 from 5 folds
2026-03-19 23:27:48,206 [INFO] [AM-I-filtered_with_labels_k4] Trial 11: Average R²=0.8570 from 5 folds
2026-03-19 23:27:58,099 [INFO] [AM-II-filtered_with_labels_k4] Trial 13: Average R²=0.7946 from 5 folds
2026-03-19 23:28:29,059 [INFO] [AM-II-filtered_with_labels_k4] Trial 14: Average R²=0.8006 from 5 folds
2026-03-19 23:28:34,059 [INFO] [AM-I-filtered_with_labels_k4] Trial 12: Average R²=0.8712 from 5 folds
2026-03-19 23:28:55,636 [INFO] [AM-II-filtered_with_labels_k4] Trial 15: Average R²=0.7835 from 5 folds
2026-03-19 23:29:16,922 [INFO] [AM-II-filtered_with_labels_k4] Trial 16: Average R²=0.7972 from 5 folds
2026-03-19 23:29:24,737 [INFO] [AM-I-filtered_with_labels_k4] Trial 13: Average R²=0.8607 from 5 folds
2026-03-19 23:30:08,243 [INFO] [AM-II-filtered_with_labels_k4] Trial 17: Average R²=0.8493 from 5 folds
2026-03-19 23:30:19,272 [INFO] [AM-I-filtered_with_labels_k4] Trial 14: Average R²=0.8450 from 5 folds
2026-03-19 23:30:41,629 [INFO] [AM-II-filtered_with_labels_k4] Trial 18: Average R²=0.7345 from 5 folds
2026-03-19 23:31:01,345 [INFO] [AM-II-filtered_with_labels_k4] Trial 19: Average R²=0.8536 from 5 folds
2026-03-19 23:31:28,778 [INFO] [AM-I-filtered_with_labels_k4] Trial 15: Average R²=0.8703 from 5 folds
2026-03-19 23:31:42,447 [INFO] [AM-II-filtered_with_labels_k4] Trial 20: Average R²=0.8393 from 5 folds
2026-03-19 23:32:01,942 [INFO] [AM-II-filtered_with_labels_k4] Trial 21: Average R²=0.8378 from 5 folds
2026-03-19 23:32:16,930 [INFO] [AM-II-filtered_with_labels_k4] Trial 22: Average R²=0.8515 from 5 folds
2026-03-19 23:32:17,361 [INFO] [AM-I-filtered_with_labels_k4] Trial 16: Average R²=0.8475 from 5 folds
2026-03-19 23:32:33,733 [INFO] [AM-II-filtered_with_labels_k4] Trial 23: Average R²=0.8538 from 5 folds
2026-03-19 23:32:49,805 [INFO] [AM-II-filtered_with_labels_k4] Trial 24: Average R²=0.8503 from 5 folds
2026-03-19 23:32:59,745 [INFO] [AM-I-filtered_with_labels_k4] Trial 17: Average R²=0.8609 from 5 folds
2026-03-19 23:33:06,411 [INFO] [AM-II-filtered_with_labels_k4] Trial 25: Average R²=0.8510 from 5 folds
2026-03-19 23:33:30,077 [INFO] [AM-II-filtered_with_labels_k4] Trial 26: Average R²=0.8306 from 5 folds
2026-03-19 23:33:37,505 [INFO] [AM-I-filtered_with_labels_k4] Trial 18: Average R²=0.7684 from 5 folds
2026-03-19 23:33:49,294 [INFO] [AM-II-filtered_with_labels_k4] Trial 27: Average R²=0.8253 from 5 folds
2026-03-19 23:34:05,369 [INFO] [AM-II-filtered_with_labels_k4] Trial 28: Average R²=0.8514 from 5 folds
2026-03-19 23:34:26,591 [INFO] [AM-II-filtered_with_labels_k4] Trial 29: Average R²=0.8318 from 5 folds
2026-03-19 23:34:26,593 [INFO] [AM-II-filtered_with_labels_k4_20260319_232123_42] Optuna optimization completed
2026-03-19 23:34:26,593 [INFO] [AM-II-filtered_with_labels_k4_20260319_232123_42] Models created during optimization: 150
2026-03-19 23:34:26,593 [INFO] [AM-II-filtered_with_labels_k4_20260319_232123_42] Best params: {'n_estimators': 773, 'max_depth': 5, 'learning_rate': 0.12166444975625855, 'subsample': 0.8562465746793128, 'colsample_bytree': 0.8635159097607085, 'lambda_l1': 0.06507117843855675, 'lambda_l2': 0.009274234017518599, 'min_child_samples': 14, 'random_state': 42, 'n_jobs': 13, 'verbosity': -1}
2026-03-19 23:34:26,594 [INFO] [AM-II-filtered_with_labels_k4_20260319_232123_42] Starting final training with best parameters
2026-03-19 23:34:29,485 [INFO] [AM-I-filtered_with_labels_k4] Trial 19: Average R²=0.8686 from 5 folds
2026-03-19 23:34:30,524 [INFO] [AM-II-filtered_with_labels_k4_20260319_232123_42] Final model metrics - RMSE=3.5416, R2=0.8532, MAE=2.5076
2026-03-19 23:34:33,674 [INFO] [AM-II-filtered_with_labels_k4] Plots saved successfully with iPhone style
2026-03-19 23:35:15,050 [INFO] [AM-I-filtered_with_labels_k4] Trial 20: Average R²=0.8716 from 5 folds
2026-03-19 23:36:06,114 [INFO] [AM-I-filtered_with_labels_k4] Trial 21: Average R²=0.8703 from 5 folds
2026-03-19 23:36:23,845 [INFO] [AM-II-filtered_with_labels_k4] Learning curve saved successfully
2026-03-19 23:36:23,846 [INFO] [AM-II-filtered_with_labels_k4_20260319_232123_42] Processing completed successfully
2026-03-19 23:36:23,846 [INFO] [AM-II-filtered_with_labels_k4_20260319_232123_42] Total temporary models during optimization: 150
2026-03-19 23:36:40,149 [INFO] [AM-I-filtered_with_labels_k4] Trial 22: Average R²=0.8746 from 5 folds
2026-03-19 23:37:00,357 [INFO] [AM-I-filtered_with_labels_k4] Trial 23: Average R²=0.8628 from 5 folds
2026-03-19 23:37:18,325 [INFO] [AM-I-filtered_with_labels_k4] Trial 24: Average R²=0.8691 from 5 folds
2026-03-19 23:37:41,675 [INFO] [AM-I-filtered_with_labels_k4] Trial 25: Average R²=0.8679 from 5 folds
2026-03-19 23:37:53,704 [INFO] [AM-I-filtered_with_labels_k4] Trial 26: Average R²=0.8369 from 5 folds
2026-03-19 23:38:05,321 [INFO] [AM-I-filtered_with_labels_k4] Trial 27: Average R²=0.8699 from 5 folds
2026-03-19 23:38:20,501 [INFO] [AM-I-filtered_with_labels_k4] Trial 28: Average R²=0.7359 from 5 folds
2026-03-19 23:38:43,576 [INFO] [AM-I-filtered_with_labels_k4] Trial 29: Average R²=0.8608 from 5 folds
2026-03-19 23:38:43,584 [INFO] [AM-I-filtered_with_labels_k4_20260319_232123_42] Optuna optimization completed
2026-03-19 23:38:43,584 [INFO] [AM-I-filtered_with_labels_k4_20260319_232123_42] Models created during optimization: 150
2026-03-19 23:38:43,584 [INFO] [AM-I-filtered_with_labels_k4_20260319_232123_42] Best params: {'n_estimators': 971, 'max_depth': 13, 'learning_rate': 0.14838177158441115, 'subsample': 0.6000602108771751, 'colsample_bytree': 0.8738445964974808, 'lambda_l1': 0.006424020374683241, 'lambda_l2': 0.12209534237482253, 'min_child_samples': 75, 'random_state': 42, 'n_jobs': 13, 'verbosity': -1}
2026-03-19 23:38:43,585 [INFO] [AM-I-filtered_with_labels_k4_20260319_232123_42] Starting final training with best parameters
2026-03-19 23:38:46,610 [INFO] [AM-I-filtered_with_labels_k4_20260319_232123_42] Final model metrics - RMSE=4.2138, R2=0.9025, MAE=3.2467
2026-03-19 23:38:50,719 [INFO] [AM-I-filtered_with_labels_k4] Plots saved successfully with iPhone style
2026-03-19 23:39:58,096 [INFO] [AM-I-filtered_with_labels_k4] Learning curve saved successfully
2026-03-19 23:39:58,097 [INFO] [AM-I-filtered_with_labels_k4_20260319_232123_42] Processing completed successfully
2026-03-19 23:39:58,098 [INFO] [AM-I-filtered_with_labels_k4_20260319_232123_42] Total temporary models during optimization: 150
2026-03-19 23:39:58,164 [INFO] Average R2: 0.8778, Average RMSE: 3.8777, Average temp models: 150.0
2026-03-19 23:39:58,164 [INFO] === Experiment completed at 2026-03-19 23:39:58.164895 ===
2026-03-19 23:39:58,164 [INFO] Duration: 0:18:34.558534
2026-03-19 23:39:58,165 [INFO] Final stats: success=2, warn=0, error=0
2026-03-20 08:16:19,708 [INFO] Starting serial processing of 4 datasets with SEED=42.
2026-03-20 08:16:19,708 [INFO] Processing dataset: AM-III-filtered
2026-03-20 08:16:19,894 [INFO] [AM-III-filtered] Starting nested CV with seed=42
2026-03-20 08:16:31,324 [INFO] [NestedCV] Fold 1: RMSE=3.4604, R²=0.9344, MAE=2.3764, Pearson r=0.9676
2026-03-20 08:16:49,981 [INFO] [NestedCV] Fold 2: RMSE=4.3024, R²=0.8847, MAE=2.3939, Pearson r=0.9414
2026-03-20 08:17:10,383 [INFO] [NestedCV] Fold 3: RMSE=6.0931, R²=0.8084, MAE=3.5145, Pearson r=0.8992
2026-03-20 08:17:27,882 [INFO] [NestedCV] Fold 4: RMSE=4.2300, R²=0.8694, MAE=3.1389, Pearson r=0.9355
2026-03-20 08:17:44,683 [INFO] [NestedCV] Fold 5: RMSE=4.1646, R²=0.8856, MAE=2.8839, Pearson r=0.9417
2026-03-20 08:17:48,194 [INFO] ✅ 综合散点图已保存: ../../results/ml/lgb-models-other4/AM-III-filtered_outer_cv_combined.png
2026-03-20 08:17:48,194 [INFO] 📊 Outer CV 性能 - R²=0.8765±0.0453, MAE=2.86±0.49, RMSE=4.45±0.98
2026-03-20 08:17:54,101 [INFO] ✅ Fold性能对比图已保存: ../../results/ml/lgb-models-other4/AM-III-filtered_fold_performance.png
2026-03-20 08:17:54,107 [INFO] [AM-III-filtered] Fold predictions saved to: ../../results/ml/lgb-models-other4/AM-III-filtered_fold_predictions.json
2026-03-20 08:17:54,114 [INFO] ✅ 统计报告已保存: ../../results/ml/lgb-models-other4/AM-III-filtered_statistical_report.json
2026-03-20 08:17:54,114 [INFO] [AM-III-filtered] Starting final model selection on full data
2026-03-20 08:18:42,513 [INFO] [AM-III-filtered] OOF predictions CSV saved to: ../../results/ml/lgb-models-other4/AM-III-filtered_oof_predictions.csv
2026-03-20 08:18:42,514 [INFO] [AM-III-filtered] Completed. Global SEED=42
2026-03-20 08:18:42,514 [INFO] [AM-III-filtered] Outer CV R²: 0.8765±0.0453
2026-03-20 08:18:42,514 [INFO] [AM-III-filtered] Outer CV RMSE: 4.45±0.98
2026-03-20 08:18:42,514 [INFO] [AM-III-filtered] Outer CV MAE: 2.86±0.49
2026-03-20 08:18:42,516 [INFO] Completed dataset: AM-III-filtered - Status: ok
2026-03-20 08:18:42,516 [INFO] Processing dataset: AM-IV-filtered
2026-03-20 08:18:42,629 [INFO] [AM-IV-filtered] Starting nested CV with seed=42
2026-03-20 08:18:52,639 [INFO] [NestedCV] Fold 1: RMSE=4.7345, R²=0.8262, MAE=3.1653, Pearson r=0.9140
2026-03-20 08:19:01,197 [INFO] [NestedCV] Fold 2: RMSE=5.0077, R²=0.6848, MAE=3.5850, Pearson r=0.8461
2026-03-20 08:19:12,802 [INFO] [NestedCV] Fold 3: RMSE=5.5741, R²=0.6809, MAE=4.2962, Pearson r=0.8262
2026-03-20 08:19:21,520 [INFO] [NestedCV] Fold 4: RMSE=5.1010, R²=0.7991, MAE=3.8325, Pearson r=0.9077
2026-03-20 08:19:30,491 [INFO] [NestedCV] Fold 5: RMSE=5.7460, R²=0.6708, MAE=3.9228, Pearson r=0.8221
2026-03-20 08:19:33,721 [INFO] ✅ 综合散点图已保存: ../../results/ml/lgb-models-other4/AM-IV-filtered_outer_cv_combined.png
2026-03-20 08:19:33,722 [INFO] 📊 Outer CV 性能 - R²=0.7324±0.0741, MAE=3.76±0.42, RMSE=5.23±0.42
2026-03-20 08:19:40,200 [INFO] ✅ Fold性能对比图已保存: ../../results/ml/lgb-models-other4/AM-IV-filtered_fold_performance.png
2026-03-20 08:19:40,203 [INFO] [AM-IV-filtered] Fold predictions saved to: ../../results/ml/lgb-models-other4/AM-IV-filtered_fold_predictions.json
2026-03-20 08:19:40,208 [INFO] ✅ 统计报告已保存: ../../results/ml/lgb-models-other4/AM-IV-filtered_statistical_report.json
2026-03-20 08:19:40,208 [INFO] [AM-IV-filtered] Starting final model selection on full data
2026-03-20 08:20:10,001 [INFO] [AM-IV-filtered] OOF predictions CSV saved to: ../../results/ml/lgb-models-other4/AM-IV-filtered_oof_predictions.csv
2026-03-20 08:20:10,002 [INFO] [AM-IV-filtered] Completed. Global SEED=42
2026-03-20 08:20:10,003 [INFO] [AM-IV-filtered] Outer CV R²: 0.7324±0.0741
2026-03-20 08:20:10,003 [INFO] [AM-IV-filtered] Outer CV RMSE: 5.23±0.42
2026-03-20 08:20:10,003 [INFO] [AM-IV-filtered] Outer CV MAE: 3.76±0.42
2026-03-20 08:20:10,004 [INFO] Completed dataset: AM-IV-filtered - Status: ok
2026-03-20 08:20:10,005 [INFO] Processing dataset: AM-V-filtered
2026-03-20 08:20:10,115 [INFO] [AM-V-filtered] Starting nested CV with seed=42
2026-03-20 08:20:19,302 [INFO] [NestedCV] Fold 1: RMSE=2.7838, R²=0.8534, MAE=2.1670, Pearson r=0.9238
2026-03-20 08:20:27,315 [INFO] [NestedCV] Fold 2: RMSE=3.0476, R²=0.7933, MAE=2.3184, Pearson r=0.8983
2026-03-20 08:20:34,591 [INFO] [NestedCV] Fold 3: RMSE=3.2596, R²=0.8416, MAE=2.4128, Pearson r=0.9192
2026-03-20 08:20:41,172 [INFO] [NestedCV] Fold 4: RMSE=2.5716, R²=0.8613, MAE=2.0071, Pearson r=0.9291
2026-03-20 08:20:48,567 [INFO] [NestedCV] Fold 5: RMSE=3.0865, R²=0.8063, MAE=2.2466, Pearson r=0.9079
2026-03-20 08:20:51,455 [INFO] ✅ 综合散点图已保存: ../../results/ml/lgb-models-other4/AM-V-filtered_outer_cv_combined.png
2026-03-20 08:20:51,455 [INFO] 📊 Outer CV 性能 - R²=0.8312±0.0299, MAE=2.23±0.15, RMSE=2.95±0.27
2026-03-20 08:20:57,263 [INFO] ✅ Fold性能对比图已保存: ../../results/ml/lgb-models-other4/AM-V-filtered_fold_performance.png
2026-03-20 08:20:57,267 [INFO] [AM-V-filtered] Fold predictions saved to: ../../results/ml/lgb-models-other4/AM-V-filtered_fold_predictions.json
2026-03-20 08:20:57,273 [INFO] ✅ 统计报告已保存: ../../results/ml/lgb-models-other4/AM-V-filtered_statistical_report.json
2026-03-20 08:20:57,273 [INFO] [AM-V-filtered] Starting final model selection on full data
2026-03-20 08:21:26,193 [INFO] [AM-V-filtered] OOF predictions CSV saved to: ../../results/ml/lgb-models-other4/AM-V-filtered_oof_predictions.csv
2026-03-20 08:21:26,195 [INFO] [AM-V-filtered] Completed. Global SEED=42
2026-03-20 08:21:26,195 [INFO] [AM-V-filtered] Outer CV R²: 0.8312±0.0299
2026-03-20 08:21:26,195 [INFO] [AM-V-filtered] Outer CV RMSE: 2.95±0.27
2026-03-20 08:21:26,195 [INFO] [AM-V-filtered] Outer CV MAE: 2.23±0.15
2026-03-20 08:21:26,199 [INFO] Completed dataset: AM-V-filtered - Status: ok
2026-03-20 08:21:26,200 [INFO] Processing dataset: AM-VI-filtered
2026-03-20 08:21:26,287 [INFO] [AM-VI-filtered] Starting nested CV with seed=42
2026-03-20 08:21:32,134 [INFO] [NestedCV] Fold 1: RMSE=7.6504, R²=0.8351, MAE=5.2740, Pearson r=0.9234
2026-03-20 08:21:37,623 [INFO] [NestedCV] Fold 2: RMSE=6.9988, R²=0.8799, MAE=4.7474, Pearson r=0.9551
2026-03-20 08:21:44,562 [INFO] [NestedCV] Fold 3: RMSE=9.9070, R²=0.7408, MAE=7.4556, Pearson r=0.9242
2026-03-20 08:21:51,332 [INFO] [NestedCV] Fold 4: RMSE=9.1588, R²=0.6929, MAE=5.1159, Pearson r=0.8539
2026-03-20 08:21:55,974 [INFO] [NestedCV] Fold 5: RMSE=9.0077, R²=0.6896, MAE=7.0170, Pearson r=0.8675
2026-03-20 08:21:59,203 [INFO] ✅ 综合散点图已保存: ../../results/ml/lgb-models-other4/AM-VI-filtered_outer_cv_combined.png
2026-03-20 08:21:59,203 [INFO] 📊 Outer CV 性能 - R²=0.7677±0.0859, MAE=5.92±1.22, RMSE=8.54±1.19
2026-03-20 08:22:05,395 [INFO] ✅ Fold性能对比图已保存: ../../results/ml/lgb-models-other4/AM-VI-filtered_fold_performance.png
2026-03-20 08:22:05,398 [INFO] [AM-VI-filtered] Fold predictions saved to: ../../results/ml/lgb-models-other4/AM-VI-filtered_fold_predictions.json
2026-03-20 08:22:05,404 [INFO] ✅ 统计报告已保存: ../../results/ml/lgb-models-other4/AM-VI-filtered_statistical_report.json
2026-03-20 08:22:05,404 [INFO] [AM-VI-filtered] Starting final model selection on full data
2026-03-20 08:22:21,398 [INFO] [AM-VI-filtered] OOF predictions CSV saved to: ../../results/ml/lgb-models-other4/AM-VI-filtered_oof_predictions.csv
2026-03-20 08:22:21,400 [INFO] [AM-VI-filtered] Completed. Global SEED=42
2026-03-20 08:22:21,400 [INFO] [AM-VI-filtered] Outer CV R²: 0.7677±0.0859
2026-03-20 08:22:21,400 [INFO] [AM-VI-filtered] Outer CV RMSE: 8.54±1.19
2026-03-20 08:22:21,400 [INFO] [AM-VI-filtered] Outer CV MAE: 5.92±1.22
2026-03-20 08:22:21,402 [INFO] Completed dataset: AM-VI-filtered - Status: ok
2026-03-20 08:22:24,698 [INFO] ✅ Overall comparison plot saved to: ../../results/ml/lgb-models-other4/overall_dataset_comparison.png
2026-03-20 08:22:24,703 [INFO] All datasets processed. Success: 4, Warnings: 0, Errors: 0
